// Jest Snapshot v1, https://goo.gl/fbAQLP

exports[`AuthorizeSignup Should render layout 1`] = `
Array [
  <Unknown
    color="#fff"
    component="div"
    loaded={true}
    loadedClassName="loadedContent"
    parentClassName="loader"
  >
    <div
      className="AuthorizeSignup"
    >
      <form
        className="Form"
        onSubmit={[Function]}
      >
        <div
          className="Form__Field"
        >
          <label
            htmlFor="nickname"
          >
            Nickname:
          </label>
          <input
            id="nickname"
            name="nickname"
            onChange={[Function]}
            placeholder="Nickname"
            type="text"
          />
        </div>
        <div
          className="Form__Field"
        >
          <label
            htmlFor="password"
          >
            Password:
          </label>
          <input
            id="password"
            name="password"
            onChange={[Function]}
            type="password"
          />
        </div>
        <div
          className="Form__Field"
        >
          <label
            htmlFor="password_repeat"
          >
            Repeat Password:
          </label>
          <input
            id="password_repeat"
            name="password_repeat"
            onChange={[Function]}
            type="password"
          />
        </div>
        <div
          className="Form__Submit"
        >
          <button
            type="submit"
          >
            Signup
          </button>
        </div>
      </form>
    </div>
  </Unknown>,
]
`;
