// Jest Snapshot v1, https://goo.gl/fbAQLP

exports[`MainMenuDefault Should render layout 1`] = `
Array [
  <div
    className="MainMenuOption__List"
  >
    <div
      className="MainMenuOption__Wrapper"
    >
      <span
        className="MainMenuOption__Value"
        onClick={[Function]}
      >
        Play
      </span>
    </div>
    <div
      className="MainMenuOption__Wrapper"
    >
      <span
        className="MainMenuOption__Value"
        onClick={[Function]}
      >
        Leaderboard
      </span>
    </div>
    <div
      className="MainMenuOption__Wrapper"
    >
      <span
        className="MainMenuOption__Value"
        onClick={[Function]}
      >
        Authorize
      </span>
    </div>
    <div
      className="MainMenuOption__Wrapper"
    >
      <span
        className="MainMenuOption__Value"
        onClick={[Function]}
      >
        Settings
      </span>
    </div>
  </div>,
]
`;
